// Jest Snapshot v1, https://goo.gl/fbAQLP

exports[`Layout-Footer should render the component without errors 1`] = `
<MemoryRouter
  initialEntries={
    Array [
      Object {
        "key": "testKey",
        "pathname": "/",
      },
    ]
  }
>
  <Router
    history={
      Object {
        "action": "POP",
        "block": [Function],
        "canGo": [Function],
        "createHref": [Function],
        "entries": Array [
          Object {
            "hash": "",
            "key": "testKey",
            "pathname": "/",
            "search": "",
          },
        ],
        "go": [Function],
        "goBack": [Function],
        "goForward": [Function],
        "index": 0,
        "length": 1,
        "listen": [Function],
        "location": Object {
          "hash": "",
          "key": "testKey",
          "pathname": "/",
          "search": "",
        },
        "push": [Function],
        "replace": [Function],
      }
    }
  >
    <withRouter(HeaderContainer)>
      <HeaderContainer>
        <div>
          <HeaderPresenter
            MenuOnClick={[Function]}
            Side={false}
            pathname=""
            toggleSidebar={[Function]}
          >
            <div>
              <SidebarContainer
                MenuOnClick={[Function]}
                Side={false}
                toggleSidebar={[Function]}
              >
                <OutsideClickHandler
                  disabled={false}
                  display="block"
                  onOutsideClick={[Function]}
                  useCapture={true}
                >
                  <div>
                    <SidebarPresenter
                      MenuOnClick={[Function]}
                      Side={false}
                    >
                      <styled.div
                        Side={false}
                      >
                        <StyledComponent
                          Side={false}
                          forwardedComponent={
                            Object {
                              "$$typeof": Symbol(react.forward_ref),
                              "attrs": Array [],
                              "componentStyle": ComponentStyle {
                                "componentId": "sc-bdVaJa",
                                "isStatic": false,
                                "lastClassName": "hDltGH",
                                "rules": Array [
                                  "
  position: fixed;
  height: 100%;
  width: 300px;
  transform: ",
                                  [Function],
                                  ";
  transition: 0.4s ease-in;
  background-color: white;
  box-shadow: 2px 2px 10px grey;
",
                                ],
                              },
                              "displayName": "styled.div",
                              "foldedComponentIds": Array [],
                              "render": [Function],
                              "styledComponentId": "sc-bdVaJa",
                              "target": "div",
                              "toString": [Function],
                              "warnTooManyClasses": [Function],
                              "withComponent": [Function],
                            }
                          }
                          forwardedRef={null}
                        >
                          <div
                            className="sc-bdVaJa hDltGH"
                          >
                            <styled.div>
                              <StyledComponent
                                forwardedComponent={
                                  Object {
                                    "$$typeof": Symbol(react.forward_ref),
                                    "attrs": Array [],
                                    "componentStyle": ComponentStyle {
                                      "componentId": "sc-htpNat",
                                      "isStatic": false,
                                      "lastClassName": "lcbqys",
                                      "rules": Array [
                                        "
  height: 56px;
  display: flex;
  align-items: center;
  color: ",
                                        [Function],
                                        ";
  width: fit-content;
",
                                      ],
                                    },
                                    "displayName": "styled.div",
                                    "foldedComponentIds": Array [],
                                    "render": [Function],
                                    "styledComponentId": "sc-htpNat",
                                    "target": "div",
                                    "toString": [Function],
                                    "warnTooManyClasses": [Function],
                                    "withComponent": [Function],
                                  }
                                }
                                forwardedRef={null}
                              >
                                <div
                                  className="sc-htpNat lcbqys"
                                >
                                  <styled.button
                                    onClick={[Function]}
                                  >
                                    <StyledComponent
                                      forwardedComponent={
                                        Object {
                                          "$$typeof": Symbol(react.forward_ref),
                                          "attrs": Array [],
                                          "componentStyle": ComponentStyle {
                                            "componentId": "sc-ifAKCX",
                                            "isStatic": true,
                                            "lastClassName": "fOjhLP",
                                            "rules": Array [
                                              "
  margin: 0px 10px 0px 20px;
",
                                            ],
                                          },
                                          "displayName": "styled.button",
                                          "foldedComponentIds": Array [],
                                          "render": [Function],
                                          "styledComponentId": "sc-ifAKCX",
                                          "target": "button",
                                          "toString": [Function],
                                          "warnTooManyClasses": [Function],
                                          "withComponent": [Function],
                                        }
                                      }
                                      forwardedRef={null}
                                      onClick={[Function]}
                                    >
                                      <button
                                        className="sc-ifAKCX fOjhLP"
                                        onClick={[Function]}
                                      >
                                        <styled.img
                                          alt=""
                                          src="../../static/menuIcon.png"
                                        >
                                          <StyledComponent
                                            alt=""
                                            forwardedComponent={
                                              Object {
                                                "$$typeof": Symbol(react.forward_ref),
                                                "attrs": Array [],
                                                "componentStyle": ComponentStyle {
                                                  "componentId": "sc-bxivhb",
                                                  "isStatic": true,
                                                  "lastClassName": "itpvsE",
                                                  "rules": Array [
                                                    "
  width: 42px;
  height: 42px;
",
                                                  ],
                                                },
                                                "displayName": "styled.img",
                                                "foldedComponentIds": Array [],
                                                "render": [Function],
                                                "styledComponentId": "sc-bxivhb",
                                                "target": "img",
                                                "toString": [Function],
                                                "warnTooManyClasses": [Function],
                                                "withComponent": [Function],
                                              }
                                            }
                                            forwardedRef={null}
                                            src="../../static/menuIcon.png"
                                          >
                                            <img
                                              alt=""
                                              className="sc-bxivhb itpvsE"
                                              src="../../static/menuIcon.png"
                                            />
                                          </StyledComponent>
                                        </styled.img>
                                      </button>
                                    </StyledComponent>
                                  </styled.button>
                                  <styled.div>
                                    <StyledComponent
                                      forwardedComponent={
                                        Object {
                                          "$$typeof": Symbol(react.forward_ref),
                                          "attrs": Array [],
                                          "componentStyle": ComponentStyle {
                                            "componentId": "sc-bwzfXH",
                                            "isStatic": false,
                                            "lastClassName": "hFAVSO",
                                            "rules": Array [
                                              "
  font-size: 24px;
  color: ",
                                              [Function],
                                              ";
",
                                            ],
                                          },
                                          "displayName": "styled.div",
                                          "foldedComponentIds": Array [],
                                          "render": [Function],
                                          "styledComponentId": "sc-bwzfXH",
                                          "target": "div",
                                          "toString": [Function],
                                          "warnTooManyClasses": [Function],
                                          "withComponent": [Function],
                                        }
                                      }
                                      forwardedRef={null}
                                    >
                                      <div
                                        className="sc-bwzfXH hFAVSO"
                                      >
                                        Jerrynim Blog
                                      </div>
                                    </StyledComponent>
                                  </styled.div>
                                </div>
                              </StyledComponent>
                            </styled.div>
                            <styled.div>
                              <StyledComponent
                                forwardedComponent={
                                  Object {
                                    "$$typeof": Symbol(react.forward_ref),
                                    "attrs": Array [],
                                    "componentStyle": ComponentStyle {
                                      "componentId": "sc-EHOje",
                                      "isStatic": true,
                                      "lastClassName": "biqrKm",
                                      "rules": Array [
                                        "
  height: 230px;
  display: flex;
  justify-content: center;
  align-items: center;
  flex-direction: column;
",
                                      ],
                                    },
                                    "displayName": "styled.div",
                                    "foldedComponentIds": Array [],
                                    "render": [Function],
                                    "styledComponentId": "sc-EHOje",
                                    "target": "div",
                                    "toString": [Function],
                                    "warnTooManyClasses": [Function],
                                    "withComponent": [Function],
                                  }
                                }
                                forwardedRef={null}
                              >
                                <div
                                  className="sc-EHOje biqrKm"
                                >
                                  <styled.div>
                                    <StyledComponent
                                      forwardedComponent={
                                        Object {
                                          "$$typeof": Symbol(react.forward_ref),
                                          "attrs": Array [],
                                          "componentStyle": ComponentStyle {
                                            "componentId": "sc-bZQynM",
                                            "isStatic": true,
                                            "lastClassName": "QWlCP",
                                            "rules": Array [
                                              "
  background-color: rgba(0, 0, 0, 0.3);
  width: 100px;
  height: 100px;
  border-radius: 50%;
",
                                            ],
                                          },
                                          "displayName": "styled.div",
                                          "foldedComponentIds": Array [],
                                          "render": [Function],
                                          "styledComponentId": "sc-bZQynM",
                                          "target": "div",
                                          "toString": [Function],
                                          "warnTooManyClasses": [Function],
                                          "withComponent": [Function],
                                        }
                                      }
                                      forwardedRef={null}
                                    >
                                      <div
                                        className="sc-bZQynM QWlCP"
                                      />
                                    </StyledComponent>
                                  </styled.div>
                                  <styled.div>
                                    <StyledComponent
                                      forwardedComponent={
                                        Object {
                                          "$$typeof": Symbol(react.forward_ref),
                                          "attrs": Array [],
                                          "componentStyle": ComponentStyle {
                                            "componentId": "sc-gzVnrw",
                                            "isStatic": true,
                                            "lastClassName": "iUxoFC",
                                            "rules": Array [
                                              "
  font-size: 24px;
  margin: 21px 0px;
",
                                            ],
                                          },
                                          "displayName": "styled.div",
                                          "foldedComponentIds": Array [],
                                          "render": [Function],
                                          "styledComponentId": "sc-gzVnrw",
                                          "target": "div",
                                          "toString": [Function],
                                          "warnTooManyClasses": [Function],
                                          "withComponent": [Function],
                                        }
                                      }
                                      forwardedRef={null}
                                    >
                                      <div
                                        className="sc-gzVnrw iUxoFC"
                                      >
                                        Jerrynim
                                      </div>
                                    </StyledComponent>
                                  </styled.div>
                                  <styled.div>
                                    <StyledComponent
                                      forwardedComponent={
                                        Object {
                                          "$$typeof": Symbol(react.forward_ref),
                                          "attrs": Array [],
                                          "componentStyle": ComponentStyle {
                                            "componentId": "sc-htoDjs",
                                            "isStatic": false,
                                            "lastClassName": "gLIFhW",
                                            "rules": Array [
                                              "
  font-size: 18px;
  text-align: center;
  color: ",
                                              [Function],
                                              ";
",
                                            ],
                                          },
                                          "displayName": "styled.div",
                                          "foldedComponentIds": Array [],
                                          "render": [Function],
                                          "styledComponentId": "sc-htoDjs",
                                          "target": "div",
                                          "toString": [Function],
                                          "warnTooManyClasses": [Function],
                                          "withComponent": [Function],
                                        }
                                      }
                                      forwardedRef={null}
                                    >
                                      <div
                                        className="sc-htoDjs gLIFhW"
                                      >
                                        안녕하세요. 최신기술을 좋아하는 Javascript 개발자 입니다.
                                      </div>
                                    </StyledComponent>
                                  </styled.div>
                                </div>
                              </StyledComponent>
                            </styled.div>
                            <styled.div>
                              <StyledComponent
                                forwardedComponent={
                                  Object {
                                    "$$typeof": Symbol(react.forward_ref),
                                    "attrs": Array [],
                                    "componentStyle": ComponentStyle {
                                      "componentId": "sc-dnqmqq",
                                      "isStatic": false,
                                      "lastClassName": "PjoGD",
                                      "rules": Array [
                                        "
  width: 100%;
  height: 2px;
  margin: auto;
  width: 90%;
  background-color: ",
                                        [Function],
                                        ";
",
                                      ],
                                    },
                                    "displayName": "styled.div",
                                    "foldedComponentIds": Array [],
                                    "render": [Function],
                                    "styledComponentId": "sc-dnqmqq",
                                    "target": "div",
                                    "toString": [Function],
                                    "warnTooManyClasses": [Function],
                                    "withComponent": [Function],
                                  }
                                }
                                forwardedRef={null}
                              >
                                <div
                                  className="sc-dnqmqq PjoGD"
                                />
                              </StyledComponent>
                            </styled.div>
                            <styled.ul>
                              <StyledComponent
                                forwardedComponent={
                                  Object {
                                    "$$typeof": Symbol(react.forward_ref),
                                    "attrs": Array [],
                                    "componentStyle": ComponentStyle {
                                      "componentId": "sc-iwsKbI",
                                      "isStatic": true,
                                      "lastClassName": "eaUKvn",
                                      "rules": Array [
                                        "
  display: flex;
  flex-direction: column;
  margin: 45px 20px 0px;
",
                                      ],
                                    },
                                    "displayName": "styled.ul",
                                    "foldedComponentIds": Array [],
                                    "render": [Function],
                                    "styledComponentId": "sc-iwsKbI",
                                    "target": "ul",
                                    "toString": [Function],
                                    "warnTooManyClasses": [Function],
                                    "withComponent": [Function],
                                  }
                                }
                                forwardedRef={null}
                              >
                                <ul
                                  className="sc-iwsKbI eaUKvn"
                                >
                                  <styled.li>
                                    <StyledComponent
                                      forwardedComponent={
                                        Object {
                                          "$$typeof": Symbol(react.forward_ref),
                                          "attrs": Array [],
                                          "componentStyle": ComponentStyle {
                                            "componentId": "sc-gZMcBi",
                                            "isStatic": true,
                                            "lastClassName": "dpKoUM",
                                            "rules": Array [
                                              "
  display: flex;
  align-items: center;
  margin-bottom: 45px;
  :last-child {
    margin-bottom: 0px;
  }
",
                                            ],
                                          },
                                          "displayName": "styled.li",
                                          "foldedComponentIds": Array [],
                                          "render": [Function],
                                          "styledComponentId": "sc-gZMcBi",
                                          "target": "li",
                                          "toString": [Function],
                                          "warnTooManyClasses": [Function],
                                          "withComponent": [Function],
                                        }
                                      }
                                      forwardedRef={null}
                                    >
                                      <li
                                        className="sc-gZMcBi dpKoUM"
                                      >
                                        <styled.img
                                          alt=""
                                          src="../../static/homeIconGray.png"
                                        >
                                          <StyledComponent
                                            alt=""
                                            forwardedComponent={
                                              Object {
                                                "$$typeof": Symbol(react.forward_ref),
                                                "attrs": Array [],
                                                "componentStyle": ComponentStyle {
                                                  "componentId": "sc-gqjmRU",
                                                  "isStatic": true,
                                                  "lastClassName": "izAkFl",
                                                  "rules": Array [
                                                    "
  width: 32px;
  height: 32px;
  margin-right: 20px;
",
                                                  ],
                                                },
                                                "displayName": "styled.img",
                                                "foldedComponentIds": Array [],
                                                "render": [Function],
                                                "styledComponentId": "sc-gqjmRU",
                                                "target": "img",
                                                "toString": [Function],
                                                "warnTooManyClasses": [Function],
                                                "withComponent": [Function],
                                              }
                                            }
                                            forwardedRef={null}
                                            src="../../static/homeIconGray.png"
                                          >
                                            <img
                                              alt=""
                                              className="sc-gqjmRU izAkFl"
                                              src="../../static/homeIconGray.png"
                                            />
                                          </StyledComponent>
                                        </styled.img>
                                        <styled.div>
                                          <StyledComponent
                                            forwardedComponent={
                                              Object {
                                                "$$typeof": Symbol(react.forward_ref),
                                                "attrs": Array [],
                                                "componentStyle": ComponentStyle {
                                                  "componentId": "sc-VigVT",
                                                  "isStatic": false,
                                                  "lastClassName": "iTRHWp",
                                                  "rules": Array [
                                                    "
  font-size: 24px;
  color: ",
                                                    [Function],
                                                    ";
",
                                                  ],
                                                },
                                                "displayName": "styled.div",
                                                "foldedComponentIds": Array [],
                                                "render": [Function],
                                                "styledComponentId": "sc-VigVT",
                                                "target": "div",
                                                "toString": [Function],
                                                "warnTooManyClasses": [Function],
                                                "withComponent": [Function],
                                              }
                                            }
                                            forwardedRef={null}
                                          >
                                            <div
                                              className="sc-VigVT iTRHWp"
                                            >
                                              Home
                                            </div>
                                          </StyledComponent>
                                        </styled.div>
                                      </li>
                                    </StyledComponent>
                                  </styled.li>
                                  <styled.li>
                                    <StyledComponent
                                      forwardedComponent={
                                        Object {
                                          "$$typeof": Symbol(react.forward_ref),
                                          "attrs": Array [],
                                          "componentStyle": ComponentStyle {
                                            "componentId": "sc-gZMcBi",
                                            "isStatic": true,
                                            "lastClassName": "dpKoUM",
                                            "rules": Array [
                                              "
  display: flex;
  align-items: center;
  margin-bottom: 45px;
  :last-child {
    margin-bottom: 0px;
  }
",
                                            ],
                                          },
                                          "displayName": "styled.li",
                                          "foldedComponentIds": Array [],
                                          "render": [Function],
                                          "styledComponentId": "sc-gZMcBi",
                                          "target": "li",
                                          "toString": [Function],
                                          "warnTooManyClasses": [Function],
                                          "withComponent": [Function],
                                        }
                                      }
                                      forwardedRef={null}
                                    >
                                      <li
                                        className="sc-gZMcBi dpKoUM"
                                      >
                                        <styled.img
                                          alt=""
                                          src="../../static/ListIcon.png"
                                        >
                                          <StyledComponent
                                            alt=""
                                            forwardedComponent={
                                              Object {
                                                "$$typeof": Symbol(react.forward_ref),
                                                "attrs": Array [],
                                                "componentStyle": ComponentStyle {
                                                  "componentId": "sc-gqjmRU",
                                                  "isStatic": true,
                                                  "lastClassName": "izAkFl",
                                                  "rules": Array [
                                                    "
  width: 32px;
  height: 32px;
  margin-right: 20px;
",
                                                  ],
                                                },
                                                "displayName": "styled.img",
                                                "foldedComponentIds": Array [],
                                                "render": [Function],
                                                "styledComponentId": "sc-gqjmRU",
                                                "target": "img",
                                                "toString": [Function],
                                                "warnTooManyClasses": [Function],
                                                "withComponent": [Function],
                                              }
                                            }
                                            forwardedRef={null}
                                            src="../../static/ListIcon.png"
                                          >
                                            <img
                                              alt=""
                                              className="sc-gqjmRU izAkFl"
                                              src="../../static/ListIcon.png"
                                            />
                                          </StyledComponent>
                                        </styled.img>
                                        <styled.div>
                                          <StyledComponent
                                            forwardedComponent={
                                              Object {
                                                "$$typeof": Symbol(react.forward_ref),
                                                "attrs": Array [],
                                                "componentStyle": ComponentStyle {
                                                  "componentId": "sc-VigVT",
                                                  "isStatic": false,
                                                  "lastClassName": "iTRHWp",
                                                  "rules": Array [
                                                    "
  font-size: 24px;
  color: ",
                                                    [Function],
                                                    ";
",
                                                  ],
                                                },
                                                "displayName": "styled.div",
                                                "foldedComponentIds": Array [],
                                                "render": [Function],
                                                "styledComponentId": "sc-VigVT",
                                                "target": "div",
                                                "toString": [Function],
                                                "warnTooManyClasses": [Function],
                                                "withComponent": [Function],
                                              }
                                            }
                                            forwardedRef={null}
                                          >
                                            <div
                                              className="sc-VigVT iTRHWp"
                                            >
                                              Articles
                                            </div>
                                          </StyledComponent>
                                        </styled.div>
                                      </li>
                                    </StyledComponent>
                                  </styled.li>
                                  <styled.li>
                                    <StyledComponent
                                      forwardedComponent={
                                        Object {
                                          "$$typeof": Symbol(react.forward_ref),
                                          "attrs": Array [],
                                          "componentStyle": ComponentStyle {
                                            "componentId": "sc-gZMcBi",
                                            "isStatic": true,
                                            "lastClassName": "dpKoUM",
                                            "rules": Array [
                                              "
  display: flex;
  align-items: center;
  margin-bottom: 45px;
  :last-child {
    margin-bottom: 0px;
  }
",
                                            ],
                                          },
                                          "displayName": "styled.li",
                                          "foldedComponentIds": Array [],
                                          "render": [Function],
                                          "styledComponentId": "sc-gZMcBi",
                                          "target": "li",
                                          "toString": [Function],
                                          "warnTooManyClasses": [Function],
                                          "withComponent": [Function],
                                        }
                                      }
                                      forwardedRef={null}
                                    >
                                      <li
                                        className="sc-gZMcBi dpKoUM"
                                      >
                                        <styled.img
                                          alt=""
                                          src="../../static/Project.png"
                                        >
                                          <StyledComponent
                                            alt=""
                                            forwardedComponent={
                                              Object {
                                                "$$typeof": Symbol(react.forward_ref),
                                                "attrs": Array [],
                                                "componentStyle": ComponentStyle {
                                                  "componentId": "sc-gqjmRU",
                                                  "isStatic": true,
                                                  "lastClassName": "izAkFl",
                                                  "rules": Array [
                                                    "
  width: 32px;
  height: 32px;
  margin-right: 20px;
",
                                                  ],
                                                },
                                                "displayName": "styled.img",
                                                "foldedComponentIds": Array [],
                                                "render": [Function],
                                                "styledComponentId": "sc-gqjmRU",
                                                "target": "img",
                                                "toString": [Function],
                                                "warnTooManyClasses": [Function],
                                                "withComponent": [Function],
                                              }
                                            }
                                            forwardedRef={null}
                                            src="../../static/Project.png"
                                          >
                                            <img
                                              alt=""
                                              className="sc-gqjmRU izAkFl"
                                              src="../../static/Project.png"
                                            />
                                          </StyledComponent>
                                        </styled.img>
                                        <styled.div>
                                          <StyledComponent
                                            forwardedComponent={
                                              Object {
                                                "$$typeof": Symbol(react.forward_ref),
                                                "attrs": Array [],
                                                "componentStyle": ComponentStyle {
                                                  "componentId": "sc-VigVT",
                                                  "isStatic": false,
                                                  "lastClassName": "iTRHWp",
                                                  "rules": Array [
                                                    "
  font-size: 24px;
  color: ",
                                                    [Function],
                                                    ";
",
                                                  ],
                                                },
                                                "displayName": "styled.div",
                                                "foldedComponentIds": Array [],
                                                "render": [Function],
                                                "styledComponentId": "sc-VigVT",
                                                "target": "div",
                                                "toString": [Function],
                                                "warnTooManyClasses": [Function],
                                                "withComponent": [Function],
                                              }
                                            }
                                            forwardedRef={null}
                                          >
                                            <div
                                              className="sc-VigVT iTRHWp"
                                            >
                                              Project
                                            </div>
                                          </StyledComponent>
                                        </styled.div>
                                      </li>
                                    </StyledComponent>
                                  </styled.li>
                                  <styled.li>
                                    <StyledComponent
                                      forwardedComponent={
                                        Object {
                                          "$$typeof": Symbol(react.forward_ref),
                                          "attrs": Array [],
                                          "componentStyle": ComponentStyle {
                                            "componentId": "sc-gZMcBi",
                                            "isStatic": true,
                                            "lastClassName": "dpKoUM",
                                            "rules": Array [
                                              "
  display: flex;
  align-items: center;
  margin-bottom: 45px;
  :last-child {
    margin-bottom: 0px;
  }
",
                                            ],
                                          },
                                          "displayName": "styled.li",
                                          "foldedComponentIds": Array [],
                                          "render": [Function],
                                          "styledComponentId": "sc-gZMcBi",
                                          "target": "li",
                                          "toString": [Function],
                                          "warnTooManyClasses": [Function],
                                          "withComponent": [Function],
                                        }
                                      }
                                      forwardedRef={null}
                                    >
                                      <li
                                        className="sc-gZMcBi dpKoUM"
                                      >
                                        <styled.img
                                          alt=""
                                          src="../../static/PersonIcon.png"
                                        >
                                          <StyledComponent
                                            alt=""
                                            forwardedComponent={
                                              Object {
                                                "$$typeof": Symbol(react.forward_ref),
                                                "attrs": Array [],
                                                "componentStyle": ComponentStyle {
                                                  "componentId": "sc-gqjmRU",
                                                  "isStatic": true,
                                                  "lastClassName": "izAkFl",
                                                  "rules": Array [
                                                    "
  width: 32px;
  height: 32px;
  margin-right: 20px;
",
                                                  ],
                                                },
                                                "displayName": "styled.img",
                                                "foldedComponentIds": Array [],
                                                "render": [Function],
                                                "styledComponentId": "sc-gqjmRU",
                                                "target": "img",
                                                "toString": [Function],
                                                "warnTooManyClasses": [Function],
                                                "withComponent": [Function],
                                              }
                                            }
                                            forwardedRef={null}
                                            src="../../static/PersonIcon.png"
                                          >
                                            <img
                                              alt=""
                                              className="sc-gqjmRU izAkFl"
                                              src="../../static/PersonIcon.png"
                                            />
                                          </StyledComponent>
                                        </styled.img>
                                        <styled.div>
                                          <StyledComponent
                                            forwardedComponent={
                                              Object {
                                                "$$typeof": Symbol(react.forward_ref),
                                                "attrs": Array [],
                                                "componentStyle": ComponentStyle {
                                                  "componentId": "sc-VigVT",
                                                  "isStatic": false,
                                                  "lastClassName": "iTRHWp",
                                                  "rules": Array [
                                                    "
  font-size: 24px;
  color: ",
                                                    [Function],
                                                    ";
",
                                                  ],
                                                },
                                                "displayName": "styled.div",
                                                "foldedComponentIds": Array [],
                                                "render": [Function],
                                                "styledComponentId": "sc-VigVT",
                                                "target": "div",
                                                "toString": [Function],
                                                "warnTooManyClasses": [Function],
                                                "withComponent": [Function],
                                              }
                                            }
                                            forwardedRef={null}
                                          >
                                            <div
                                              className="sc-VigVT iTRHWp"
                                            >
                                              About Me
                                            </div>
                                          </StyledComponent>
                                        </styled.div>
                                      </li>
                                    </StyledComponent>
                                  </styled.li>
                                </ul>
                              </StyledComponent>
                            </styled.ul>
                          </div>
                        </StyledComponent>
                      </styled.div>
                    </SidebarPresenter>
                  </div>
                </OutsideClickHandler>
              </SidebarContainer>
              <styled.div>
                <StyledComponent
                  forwardedComponent={
                    Object {
                      "$$typeof": Symbol(react.forward_ref),
                      "attrs": Array [],
                      "componentStyle": ComponentStyle {
                        "componentId": "sc-jTzLTM",
                        "isStatic": true,
                        "lastClassName": "NibId",
                        "rules": Array [
                          "
  height: 56px;
  width: 100%;
  box-shadow: 0px 2px 10px rgba(0, 0, 0, 0.25);
  display: flex;
  justify-content: space-between;
  position: fixed;
  background-color: white;
",
                        ],
                      },
                      "displayName": "styled.div",
                      "foldedComponentIds": Array [],
                      "render": [Function],
                      "styledComponentId": "sc-jTzLTM",
                      "target": "div",
                      "toString": [Function],
                      "warnTooManyClasses": [Function],
                      "withComponent": [Function],
                    }
                  }
                  forwardedRef={null}
                >
                  <div
                    className="sc-jTzLTM NibId"
                  >
                    <styled.div>
                      <StyledComponent
                        forwardedComponent={
                          Object {
                            "$$typeof": Symbol(react.forward_ref),
                            "attrs": Array [],
                            "componentStyle": ComponentStyle {
                              "componentId": "sc-cSHVUG",
                              "isStatic": false,
                              "lastClassName": "eCwHTL",
                              "rules": Array [
                                "
  height: 100%;
  display: flex;
  align-items: center;
  color: ",
                                [Function],
                                ";
  width: fit-content;
",
                              ],
                            },
                            "displayName": "styled.div",
                            "foldedComponentIds": Array [],
                            "render": [Function],
                            "styledComponentId": "sc-cSHVUG",
                            "target": "div",
                            "toString": [Function],
                            "warnTooManyClasses": [Function],
                            "withComponent": [Function],
                          }
                        }
                        forwardedRef={null}
                      >
                        <div
                          className="sc-cSHVUG eCwHTL"
                        >
                          <styled.button
                            onClick={[Function]}
                          >
                            <StyledComponent
                              forwardedComponent={
                                Object {
                                  "$$typeof": Symbol(react.forward_ref),
                                  "attrs": Array [],
                                  "componentStyle": ComponentStyle {
                                    "componentId": "sc-kGXeez",
                                    "isStatic": true,
                                    "lastClassName": "duhSYz",
                                    "rules": Array [
                                      "
  margin: 0px 10px 0px 20px;
",
                                    ],
                                  },
                                  "displayName": "styled.button",
                                  "foldedComponentIds": Array [],
                                  "render": [Function],
                                  "styledComponentId": "sc-kGXeez",
                                  "target": "button",
                                  "toString": [Function],
                                  "warnTooManyClasses": [Function],
                                  "withComponent": [Function],
                                }
                              }
                              forwardedRef={null}
                              onClick={[Function]}
                            >
                              <button
                                className="sc-kGXeez duhSYz"
                                onClick={[Function]}
                              >
                                <styled.img
                                  alt=""
                                  src="../../static/menuIcon.png"
                                >
                                  <StyledComponent
                                    alt=""
                                    forwardedComponent={
                                      Object {
                                        "$$typeof": Symbol(react.forward_ref),
                                        "attrs": Array [],
                                        "componentStyle": ComponentStyle {
                                          "componentId": "sc-kAzzGY",
                                          "isStatic": true,
                                          "lastClassName": "jEIHbR",
                                          "rules": Array [
                                            "
  width: 42px;
  height: 42px;
",
                                          ],
                                        },
                                        "displayName": "styled.img",
                                        "foldedComponentIds": Array [],
                                        "render": [Function],
                                        "styledComponentId": "sc-kAzzGY",
                                        "target": "img",
                                        "toString": [Function],
                                        "warnTooManyClasses": [Function],
                                        "withComponent": [Function],
                                      }
                                    }
                                    forwardedRef={null}
                                    src="../../static/menuIcon.png"
                                  >
                                    <img
                                      alt=""
                                      className="sc-kAzzGY jEIHbR"
                                      src="../../static/menuIcon.png"
                                    />
                                  </StyledComponent>
                                </styled.img>
                              </button>
                            </StyledComponent>
                          </styled.button>
                          <styled.div>
                            <StyledComponent
                              forwardedComponent={
                                Object {
                                  "$$typeof": Symbol(react.forward_ref),
                                  "attrs": Array [],
                                  "componentStyle": ComponentStyle {
                                    "componentId": "sc-fjdhpX",
                                    "isStatic": false,
                                    "lastClassName": "fZXDvf",
                                    "rules": Array [
                                      "
  font-size: 24px;
  color: ",
                                      [Function],
                                      ";
",
                                    ],
                                  },
                                  "displayName": "styled.div",
                                  "foldedComponentIds": Array [],
                                  "render": [Function],
                                  "styledComponentId": "sc-fjdhpX",
                                  "target": "div",
                                  "toString": [Function],
                                  "warnTooManyClasses": [Function],
                                  "withComponent": [Function],
                                }
                              }
                              forwardedRef={null}
                            >
                              <div
                                className="sc-fjdhpX fZXDvf"
                              >
                                Jerrynim Blog
                              </div>
                            </StyledComponent>
                          </styled.div>
                          <styled.a
                            href=""
                          >
                            <StyledComponent
                              forwardedComponent={
                                Object {
                                  "$$typeof": Symbol(react.forward_ref),
                                  "attrs": Array [],
                                  "componentStyle": ComponentStyle {
                                    "componentId": "sc-jzJRlG",
                                    "isStatic": true,
                                    "lastClassName": "XDqrF",
                                    "rules": Array [
                                      "
  margin-left: 20px;
  font-size: 24px;
",
                                    ],
                                  },
                                  "displayName": "styled.a",
                                  "foldedComponentIds": Array [],
                                  "render": [Function],
                                  "styledComponentId": "sc-jzJRlG",
                                  "target": "a",
                                  "toString": [Function],
                                  "warnTooManyClasses": [Function],
                                  "withComponent": [Function],
                                }
                              }
                              forwardedRef={null}
                              href=""
                            >
                              <a
                                className="sc-jzJRlG XDqrF"
                                href=""
                              />
                            </StyledComponent>
                          </styled.a>
                        </div>
                      </StyledComponent>
                    </styled.div>
                    <styled.div>
                      <StyledComponent
                        forwardedComponent={
                          Object {
                            "$$typeof": Symbol(react.forward_ref),
                            "attrs": Array [],
                            "componentStyle": ComponentStyle {
                              "componentId": "sc-chPdSV",
                              "isStatic": true,
                              "lastClassName": "bvTTNZ",
                              "rules": Array [
                                "
  height: 100%;
  display: flex;
  align-items: center;
",
                              ],
                            },
                            "displayName": "styled.div",
                            "foldedComponentIds": Array [],
                            "render": [Function],
                            "styledComponentId": "sc-chPdSV",
                            "target": "div",
                            "toString": [Function],
                            "warnTooManyClasses": [Function],
                            "withComponent": [Function],
                          }
                        }
                        forwardedRef={null}
                      >
                        <div
                          className="sc-chPdSV bvTTNZ"
                        >
                          <styled.img
                            alt=""
                            src="../../static/shareIcon.png"
                          >
                            <StyledComponent
                              alt=""
                              forwardedComponent={
                                Object {
                                  "$$typeof": Symbol(react.forward_ref),
                                  "attrs": Array [],
                                  "componentStyle": ComponentStyle {
                                    "componentId": "sc-kgoBCf",
                                    "isStatic": true,
                                    "lastClassName": "VDllp",
                                    "rules": Array [
                                      "
  width: 28px;
  height: 28px;
  margin-right: 25px;
",
                                    ],
                                  },
                                  "displayName": "styled.img",
                                  "foldedComponentIds": Array [],
                                  "render": [Function],
                                  "styledComponentId": "sc-kgoBCf",
                                  "target": "img",
                                  "toString": [Function],
                                  "warnTooManyClasses": [Function],
                                  "withComponent": [Function],
                                }
                              }
                              forwardedRef={null}
                              src="../../static/shareIcon.png"
                            >
                              <img
                                alt=""
                                className="sc-kgoBCf VDllp"
                                src="../../static/shareIcon.png"
                              />
                            </StyledComponent>
                          </styled.img>
                        </div>
                      </StyledComponent>
                    </styled.div>
                  </div>
                </StyledComponent>
              </styled.div>
            </div>
          </HeaderPresenter>
        </div>
      </HeaderContainer>
    </withRouter(HeaderContainer)>
  </Router>
</MemoryRouter>
`;
